[1/2] 목록 수집
  목록 p1: 10건 (누적 10)
  목록 p2: 10건 (누적 20)
  목록 p3: 10건 (누적 30)
  목록 p4: 10건 (누적 40)
  목록 p5: 10건 (누적 50)
  목록 p6: 10건 (누적 60)
  목록 p7: 10건 (누적 70)
  목록 p8: 10건 (누적 80)
  목록 p9: 10건 (누적 90)
  목록 p10: 10건 (누적 100)
  목록 p11: 10건 (누적 110)
  목록 p12: 10건 (누적 120)
  목록 p13: 10건 (누적 130)
  목록 p14: 10건 (누적 140)
  목록 p15: 10건 (누적 150)
  목록 p16: 10건 (누적 160)
  목록 p17: 10건 (누적 170)
  목록 p18: 10건 (누적 180)
  목록 p19: 10건 (누적 190)
  목록 p20: 10건 (누적 200)
  목록 p21: 10건 (누적 210)
  목록 p22: 10건 (누적 220)
  목록 p23: 10건 (누적 230)
  목록 p24: 10건 (누적 240)
  목록 p25: 10건 (누적 250)
  목록 p26: 10건 (누적 260)
  목록 p27: 10건 (누적 270)
  목록 p28: 10건 (누적 280)
  목록 p29: 10건 (누적 290)
  목록 p30: 10건 (누적 300)
  목록 p31: 10건 (누적 310)
  목록 p32: 10건 (누적 320)
  목록 p33: 10건 (누적 330)
  목록 p34: 10건 (누적 340)
  목록 p35: 10건 (누적 350)
  목록 p36: 10건 (누적 360)
  목록 p37: 10건 (누적 370)
  목록 p38: 10건 (누적 380)
  목록 p39: 10건 (누적 390)
  목록 p40: 10건 (누적 400)
  목록 p41: 10건 (누적 410)
  목록 p42: 10건 (누적 420)
  목록 p43: 10건 (누적 430)
  목록 p44: 10건 (누적 440)
  목록 p45: 10건 (누적 450)
  목록 p46: 10건 (누적 460)
  목록 p47: 10건 (누적 470)
  목록 p48: 10건 (누적 480)
  목록 p49: 10건 (누적 490)
  목록 p50: 10건 (누적 500)
  목록 p51: 10건 (누적 510)
  목록 p52: 10건 (누적 520)
  목록 p53: 10건 (누적 530)
  목록 p54: 10건 (누적 540)
  목록 p55: 10건 (누적 550)
  목록 p56: 10건 (누적 560)
  목록 p57: 10건 (누적 570)
  목록 p58: 10건 (누적 580)
  목록 p59: 10건 (누적 590)
  목록 p60: 10건 (누적 600)
  목록 p61: 10건 (누적 610)
  목록 p62: 10건 (누적 620)
  목록 p63: 10건 (누적 630)
  목록 p64: 10건 (누적 640)
  목록 p65: 10건 (누적 650)
  목록 p66: 10건 (누적 660)
  목록 p67: 10건 (누적 670)
  목록 p68: 10건 (누적 680)
  목록 p69: 10건 (누적 690)
  목록 p70: 10건 (누적 700)
  목록 p71: 10건 (누적 710)
  목록 p72: 10건 (누적 720)
  목록 p73: 10건 (누적 730)
  목록 p74: 10건 (누적 740)
  목록 p75: 10건 (누적 750)
  목록 p76: 10건 (누적 760)
  목록 p77: 10건 (누적 770)
  목록 p78: 10건 (누적 780)
  목록 p79: 10건 (누적 790)
  목록 p80: 10건 (누적 800)
  목록 p81: 10건 (누적 810)
  목록 p82: 10건 (누적 820)
  목록 p83: 10건 (누적 830)
  목록 p84: 10건 (누적 840)
  목록 p85: 10건 (누적 850)
  목록 p86: 10건 (누적 860)
  목록 p87: 10건 (누적 870)
  목록 p88: 10건 (누적 880)
  목록 p89: 10건 (누적 890)
  목록 p90: 10건 (누적 900)
  목록 p91: 10건 (누적 910)
  목록 p92: 10건 (누적 920)
  목록 p93: 10건 (누적 930)
  목록 p94: 10건 (누적 940)
  목록 p95: 10건 (누적 950)
  목록 p96: 10건 (누적 960)
  목록 p97: 10건 (누적 970)
  목록 p98: 10건 (누적 980)
  목록 p99: 10건 (누적 990)
  목록 p100: 10건 (누적 1000)
  목록 p101: 10건 (누적 1010)
  목록 p102: 10건 (누적 1020)
  목록 p103: 10건 (누적 1030)
  목록 p104: 10건 (누적 1040)
  목록 p105: 10건 (누적 1050)
  목록 p106: 10건 (누적 1060)
  목록 p107: 10건 (누적 1070)
  목록 p108: 10건 (누적 1080)
  목록 p109: 10건 (누적 1090)
  목록 p110: 10건 (누적 1100)
  목록 p111: 10건 (누적 1110)
  목록 p112: 10건 (누적 1120)
  목록 p113: 10건 (누적 1130)
  목록 p114: 10건 (누적 1140)
  목록 p115: 10건 (누적 1150)
  목록 p116: 10건 (누적 1160)
  목록 p117: 10건 (누적 1170)
  목록 p118: 10건 (누적 1180)
  목록 p119: 10건 (누적 1190)
  목록 p120: 10건 (누적 1200)
  목록 p121: 10건 (누적 1210)
  목록 p122: 10건 (누적 1220)
  목록 p123: 10건 (누적 1230)
  목록 p124: 10건 (누적 1240)
  목록 p125: 10건 (누적 1250)
  목록 p126: 10건 (누적 1260)
  목록 p127: 10건 (누적 1270)
  목록 p128: 10건 (누적 1280)
  목록 p129: 10건 (누적 1290)
  목록 p130: 10건 (누적 1300)
  목록 p131: 10건 (누적 1310)
  목록 p132: 10건 (누적 1320)
  목록 p133: 10건 (누적 1330)
  목록 p134: 10건 (누적 1340)
  목록 p135: 10건 (누적 1350)
  목록 p136: 10건 (누적 1360)
  목록 p137: 10건 (누적 1370)
  목록 p138: 10건 (누적 1380)
  목록 p139: 10건 (누적 1390)
  목록 p140: 10건 (누적 1400)
  목록 p141: 10건 (누적 1410)
  목록 p142: 10건 (누적 1420)
  목록 p143: 10건 (누적 1430)
  목록 p144: 10건 (누적 1440)
  목록 p145: 10건 (누적 1450)
  목록 p146: 10건 (누적 1460)
  목록 p147: 10건 (누적 1470)
  목록 p148: 10건 (누적 1480)
  목록 p149: 10건 (누적 1490)
  목록 p150: 10건 (누적 1500)
  목록 p151: 10건 (누적 1510)
  목록 p152: 10건 (누적 1520)
  목록 p153: 10건 (누적 1530)
  목록 p154: 10건 (누적 1540)
  목록 p155: 10건 (누적 1550)
  목록 p156: 10건 (누적 1560)
  목록 p157: 10건 (누적 1570)
  목록 p158: 10건 (누적 1580)
  목록 p159: 10건 (누적 1590)
  목록 p160: 10건 (누적 1600)
  목록 p161: 10건 (누적 1610)
  목록 p162: 10건 (누적 1620)
  목록 p163: 10건 (누적 1630)
  목록 p164: 10건 (누적 1640)
  목록 p165: 10건 (누적 1650)
  목록 p166: 10건 (누적 1660)
  목록 p167: 10건 (누적 1670)
  목록 p168: 10건 (누적 1680)
  목록 p169: 10건 (누적 1690)
  목록 p170: 10건 (누적 1700)
  목록 p171: 10건 (누적 1710)
  목록 p172: 10건 (누적 1720)
  목록 p173: 10건 (누적 1730)
  목록 p174: 10건 (누적 1740)
  목록 p175: 10건 (누적 1750)
  목록 p176: 10건 (누적 1760)
  목록 p177: 10건 (누적 1770)
  목록 p178: 10건 (누적 1780)
  목록 p179: 10건 (누적 1790)
  목록 p180: 10건 (누적 1800)
  목록 p181: 10건 (누적 1810)
  목록 p182: 10건 (누적 1820)
  목록 p183: 10건 (누적 1830)
  목록 p184: 10건 (누적 1840)
  목록 p185: 10건 (누적 1850)
  목록 p186: 10건 (누적 1860)
  목록 p187: 10건 (누적 1870)
  목록 p188: 10건 (누적 1880)
  목록 p189: 10건 (누적 1890)
  목록 p190: 10건 (누적 1900)
  목록 p191: 10건 (누적 1910)
  목록 p192: 10건 (누적 1920)
  목록 p193: 10건 (누적 1930)
  목록 p194: 10건 (누적 1940)
  목록 p195: 10건 (누적 1950)
  목록 p196: 10건 (누적 1960)
  목록 p197: 10건 (누적 1970)
  목록 p198: 10건 (누적 1980)
  목록 p199: 10건 (누적 1990)
  목록 p200: 10건 (누적 2000)
  목록 p201: 10건 (누적 2010)
  목록 p202: 10건 (누적 2020)
  목록 p203: 10건 (누적 2030)
  목록 p204: 10건 (누적 2040)
  목록 p205: 10건 (누적 2050)
  목록 p206: 10건 (누적 2060)
  목록 p207: 10건 (누적 2070)
  목록 p208: 10건 (누적 2080)
  목록 p209: 10건 (누적 2090)
  목록 p210: 10건 (누적 2100)
  목록 p211: 10건 (누적 2110)
  목록 p212: 10건 (누적 2120)
  목록 p213: 10건 (누적 2130)
  목록 p214: 10건 (누적 2140)
  목록 p215: 10건 (누적 2150)
  목록 p216: 10건 (누적 2160)
  목록 p217: 10건 (누적 2170)
  목록 p218: 10건 (누적 2180)
  목록 p219: 10건 (누적 2190)
  목록 p220: 10건 (누적 2200)
  목록 p221: 10건 (누적 2210)
  목록 p222: 10건 (누적 2220)
  목록 p223: 10건 (누적 2230)
  목록 p224: 10건 (누적 2240)
  목록 p225: 10건 (누적 2250)
  목록 p226: 10건 (누적 2260)
  목록 p227: 10건 (누적 2270)
  목록 p228: 10건 (누적 2280)
  목록 p229: 10건 (누적 2290)
  목록 p230: 10건 (누적 2300)
  목록 p231: 10건 (누적 2310)
  목록 p232: 10건 (누적 2320)
  목록 p233: 10건 (누적 2330)
  목록 p234: 10건 (누적 2340)
  목록 p235: 10건 (누적 2350)
  목록 p236: 10건 (누적 2360)
  목록 p237: 10건 (누적 2370)
  목록 p238: 10건 (누적 2380)
  목록 p239: 10건 (누적 2390)
  목록 p240: 10건 (누적 2400)
  목록 p241: 10건 (누적 2410)
  목록 p242: 10건 (누적 2420)
  목록 p243: 10건 (누적 2430)
  목록 p244: 10건 (누적 2440)
  목록 p245: 10건 (누적 2450)
  목록 p246: 10건 (누적 2460)
  목록 p247: 10건 (누적 2470)
  목록 p248: 10건 (누적 2480)
  목록 p249: 10건 (누적 2490)
  목록 p250: 10건 (누적 2500)
  목록 p251: 10건 (누적 2510)
  목록 p252: 10건 (누적 2520)
  목록 p253: 10건 (누적 2530)
  목록 p254: 10건 (누적 2540)
  목록 p255: 10건 (누적 2550)
  목록 p256: 10건 (누적 2560)
  목록 p257: 10건 (누적 2570)
  목록 p258: 10건 (누적 2580)
  목록 p259: 10건 (누적 2590)
  목록 p260: 10건 (누적 2600)
  목록 p261: 10건 (누적 2610)
  목록 p262: 10건 (누적 2620)
  목록 p263: 10건 (누적 2630)
  목록 p264: 10건 (누적 2640)
  목록 p265: 10건 (누적 2650)
  목록 p266: 10건 (누적 2660)
  목록 p267: 10건 (누적 2670)
  목록 p268: 10건 (누적 2680)
  목록 p269: 10건 (누적 2690)
  목록 p270: 10건 (누적 2700)
  목록 p271: 10건 (누적 2710)
  목록 p272: 10건 (누적 2720)
  목록 p273: 10건 (누적 2730)
  목록 p274: 10건 (누적 2740)
  목록 p275: 10건 (누적 2750)
  목록 p276: 10건 (누적 2760)
  목록 p277: 10건 (누적 2770)
  목록 p278: 10건 (누적 2780)
  목록 p279: 10건 (누적 2790)
  목록 p280: 10건 (누적 2800)
  목록 p281: 10건 (누적 2810)
  목록 p282: 10건 (누적 2820)
  목록 p283: 10건 (누적 2830)
  목록 p284: 10건 (누적 2840)
  목록 p285: 10건 (누적 2850)
  목록 p286: 10건 (누적 2860)
  목록 p287: 10건 (누적 2870)
  목록 p288: 10건 (누적 2880)
  목록 p289: 10건 (누적 2890)
  목록 p290: 10건 (누적 2900)
  목록 p291: 10건 (누적 2910)
  목록 p292: 10건 (누적 2920)
  목록 p293: 10건 (누적 2930)
  목록 p294: 10건 (누적 2940)
  목록 p295: 10건 (누적 2950)
  목록 p296: 10건 (누적 2960)
  목록 p297: 10건 (누적 2970)
  목록 p298: 10건 (누적 2980)
  목록 p299: 10건 (누적 2990)
  목록 p300: 10건 (누적 3000)
  목록 p301: 10건 (누적 3010)
  목록 p302: 10건 (누적 3020)
  목록 p303: 10건 (누적 3030)
  목록 p304: 10건 (누적 3040)
  목록 p305: 10건 (누적 3050)
  목록 p306: 10건 (누적 3060)
  목록 p307: 10건 (누적 3070)
  목록 p308: 10건 (누적 3080)
  목록 p309: 10건 (누적 3090)
  목록 p310: 10건 (누적 3100)
  목록 p311: 10건 (누적 3110)
  목록 p312: 10건 (누적 3120)
  목록 p313: 10건 (누적 3130)
  목록 p314: 10건 (누적 3140)
  목록 p315: 10건 (누적 3150)
  목록 p316: 10건 (누적 3160)
  목록 p317: 10건 (누적 3170)
  목록 p318: 10건 (누적 3180)
  목록 p319: 10건 (누적 3190)
  목록 p320: 10건 (누적 3200)
  목록 p321: 10건 (누적 3210)
  목록 p322: 10건 (누적 3220)
  목록 p323: 10건 (누적 3230)
  목록 p324: 10건 (누적 3240)
  목록 p325: 10건 (누적 3250)
  목록 p326: 10건 (누적 3260)
  목록 p327: 10건 (누적 3270)
  목록 p328: 10건 (누적 3280)
  목록 p329: 10건 (누적 3290)
  목록 p330: 10건 (누적 3300)
  목록 p331: 10건 (누적 3310)
  목록 p332: 10건 (누적 3320)
  목록 p333: 10건 (누적 3330)
  목록 p334: 10건 (누적 3340)
  목록 p335: 10건 (누적 3350)
  목록 p336: 10건 (누적 3360)
  목록 p337: 10건 (누적 3370)
  목록 p338: 10건 (누적 3380)
  목록 p339: 10건 (누적 3390)
  목록 p340: 10건 (누적 3400)
  목록 p341: 10건 (누적 3410)
  목록 p342: 10건 (누적 3420)
  목록 p343: 10건 (누적 3430)
  목록 p344: 10건 (누적 3440)
  목록 p345: 10건 (누적 3450)
  목록 p346: 10건 (누적 3460)
  목록 p347: 10건 (누적 3470)
  목록 p348: 10건 (누적 3480)
  목록 p349: 10건 (누적 3490)
  목록 p350: 10건 (누적 3500)
  목록 p351: 10건 (누적 3510)
  목록 p352: 10건 (누적 3520)
  목록 p353: 10건 (누적 3530)
  목록 p354: 10건 (누적 3540)
  목록 p355: 10건 (누적 3550)
  목록 p356: 10건 (누적 3560)
  목록 p357: 10건 (누적 3570)
  목록 p358: 10건 (누적 3580)
  목록 p359: 10건 (누적 3590)
  목록 p360: 10건 (누적 3600)
  목록 p361: 10건 (누적 3610)
  목록 p362: 10건 (누적 3620)
  목록 p363: 10건 (누적 3630)
  목록 p364: 10건 (누적 3640)
  목록 p365: 10건 (누적 3650)
  목록 p366: 10건 (누적 3660)
  목록 p367: 10건 (누적 3670)
  목록 p368: 10건 (누적 3680)
  목록 p369: 10건 (누적 3690)
  목록 p370: 10건 (누적 3700)
  목록 p371: 10건 (누적 3710)
  목록 p372: 10건 (누적 3720)
  목록 p373: 10건 (누적 3730)
  목록 p374: 10건 (누적 3740)
  목록 p375: 10건 (누적 3750)
  목록 p376: 10건 (누적 3760)
  목록 p377: 10건 (누적 3770)
  목록 p378: 10건 (누적 3780)
  목록 p379: 10건 (누적 3790)
  목록 p380: 10건 (누적 3800)
  목록 p381: 10건 (누적 3810)
  목록 p382: 10건 (누적 3820)
  목록 p383: 10건 (누적 3830)
  목록 p384: 10건 (누적 3840)
  목록 p385: 10건 (누적 3850)
  목록 p386: 10건 (누적 3860)
  목록 p387: 10건 (누적 3870)
  목록 p388: 10건 (누적 3880)
  목록 p389: 9건 (누적 3889)
  → C:\Users\kimdo\Documents\Obsidian Vault\KISIA공모전-2026\data\isds_list.csv (3889건)
[2/2] 상세 수집 — 전체 3889건, 완료 0건
  진행 50/3889
  진행 100/3889
  진행 150/3889
  진행 200/3889
  진행 250/3889
  진행 300/3889
  진행 350/3889
  진행 400/3889
  진행 450/3889
  진행 500/3889
  진행 550/3889
  진행 600/3889
  진행 650/3889
  진행 700/3889
  진행 750/3889
  진행 800/3889
  진행 850/3889
  진행 900/3889
  진행 950/3889
  진행 1000/3889
  진행 1050/3889
  진행 1100/3889
  진행 1150/3889
  진행 1200/3889
  진행 1250/3889
  진행 1300/3889
  진행 1350/3889
  진행 1400/3889
  진행 1450/3889
  진행 1500/3889
  진행 1550/3889
  진행 1600/3889
  진행 1650/3889
  진행 1700/3889
  진행 1750/3889
  진행 1800/3889
  진행 1850/3889
  진행 1900/3889
  진행 1950/3889
  진행 2000/3889
  진행 2050/3889
  진행 2100/3889
  진행 2150/3889
  진행 2200/3889
  진행 2250/3889
  진행 2300/3889
  진행 2350/3889
  진행 2400/3889
  진행 2450/3889
  진행 2500/3889
  진행 2550/3889
  진행 2600/3889
  진행 2650/3889
[1/2] 목록 재사용: C:\Users\kimdo\Documents\Obsidian Vault\KISIA공모전-2026\data\isds_list.csv
[2/2] 상세 수집 — 전체 3889건, 완료 2671건
  진행 2700/3889
  진행 2750/3889
  진행 2800/3889
  진행 2850/3889
  진행 2900/3889
  진행 2950/3889
  진행 3000/3889
  진행 3050/3889
  진행 3100/3889
  진행 3150/3889
  진행 3200/3889
  진행 3250/3889
  진행 3300/3889
  진행 3350/3889
  진행 3400/3889
  진행 3450/3889
  진행 3500/3889
  진행 3550/3889
  진행 3600/3889
  진행 3650/3889
  진행 3700/3889
  진행 3750/3889
  진행 3800/3889
  진행 3850/3889
완료 → C:\Users\kimdo\Documents\Obsidian Vault\KISIA공모전-2026\data\isds_detail.csv (3889건)
